<table>
    <tr>
        <td>Name: Sean Cooper</td>
        <td>Position: Developer</td>
    </tr>
    <tr>
        <td>Email: sean@orderandchaoscreative.com</td>
    </tr>
</table>
